// Jest Snapshot v1, https://goo.gl/fbAQLP

exports[`should render App correctly 1`] = `
<div>
  <div
    class="styles__AppContainer-sc-1dsxqrs-0 kEUWLY"
  >
    <h3>
      Hello React- Basic project
    </h3>
    <div>
      <div
        class="styles__ImageWrapper-sc-1dsxqrs-1 fVXvbn"
      >
        PNG
        <img
          src="react-icon.png"
          width="200"
        />
      </div>
      <div
        class="styles__ImageWrapper-sc-1dsxqrs-1 fVXvbn"
      >
        SVG
        <a
          href="#"
        >
          <img
            src="logo.svg"
            width="200"
          />
        </a>
      </div>
      <button>
        Click here!
      </button>
      <button
        class="styles__Button-sc-1dsxqrs-2 livmHh"
      >
        Print Hello World
      </button>
    </div>
  </div>
</div>
`;
