// Jest Snapshot v1, https://goo.gl/fbAQLP

exports[`Button should have color blue 1`] = `
.c0 {
  color: blue;
}

<button
  className="c0"
/>
`;

exports[`should render App correctly 1`] = `
<styles__AppContainer>
  <h3>
    Hello React- Basic project
  </h3>
  <div>
    <styles__ImageWrapper>
      PNG
      <img
        src="react-icon.png"
        width="200"
      />
    </styles__ImageWrapper>
    <styles__ImageWrapper>
      SVG
      <a
        href="#"
        onClick={[Function]}
      >
        <img
          src="logo.svg"
          width="200"
        />
      </a>
    </styles__ImageWrapper>
    <Hello
      onClick={[Function]}
      text="Click here!"
    />
    <styles__Button
      onClick={[Function]}
    >
      Print Hello World
    </styles__Button>
  </div>
</styles__AppContainer>
`;
